// 重构日志: e3c3c30f
// 重构日志: 7a3e95b8
// 重构日志: 0851da3f
// 重构日志: e48eb782
// 重构日志: 0d3ba4b6
// 同步 ID: 9e27d002 @ Mon Jul 27 18:45:51 UTC 2026
// 重构日志: 29dfa962
// 重构日志: 6459c01e
// 重构日志: a15905c4
// 重构日志: 68d526bb
// 同步 ID: cee9adca @ Thu Jul 30 13:13:56 UTC 2026
// 同步 ID: 30414904 @ Thu Jul 30 15:28:38 UTC 2026
// 重构日志: 963835d5
// 同步 ID: 0ee559c6 @ Sat Aug  1 17:53:32 UTC 2026
// 重构日志: e962447d
// 重构日志: 51592eef
// 重构日志: 46ce914a
// 重构日志: c7c3ca6b
// 同步 ID: b3dbe393 @ Sun Aug  2 12:54:32 UTC 2026
// 同步 ID: 0e5e98cf @ Sun Aug  2 14:25:46 UTC 2026
// 重构日志: 72943118
// 重构日志: d0da83a4
// 重构日志: 035fcb73
// 重构日志: ba84ebe9
// 重构日志: 6df7be4f
// 同步 ID: 416d6ce5 @ Wed Aug  5 08:12:24 UTC 2026
// 重构日志: ce4d9ba1
// 重构日志: a6201b69
// 同步 ID: a42ee99a @ Fri Aug  7 10:43:09 UTC 2026
// 同步 ID: a0a06333 @ Fri Aug  7 17:53:25 UTC 2026
